// Jest Snapshot v1, https://goo.gl/fbAQLP

exports[`should render correct 1`] = `
<Fragment>
  <Row
    align="middle"
    gutter={0}
    justify="space-between"
  >
    <Col
      span={12}
    >
      <Breadcrumb
        separator="/"
        style={
          Object {
            "margin": "16px 0",
          }
        }
      >
        <BreadcrumbItem
          separator="/"
        >
          Truck Panel
        </BreadcrumbItem>
        <BreadcrumbItem
          separator="/"
        >
          Caminhoneiros
        </BreadcrumbItem>
      </Breadcrumb>
    </Col>
    <Col
      spam={12}
    >
      <Button
        block={false}
        ghost={false}
        htmlType="button"
        loading={false}
        onClick={[Function]}
        type="primary"
      >
        Cadastrar caminhoneiro
      </Button>
    </Col>
  </Row>
  <div
    className="site-layout-background"
    style={
      Object {
        "minHeight": 360,
        "padding": 24,
      }
    }
  >
    <Table
      columns={
        Array [
          Object {
            "dataIndex": "name",
            "key": "name",
            "title": "Nome",
          },
          Object {
            "dataIndex": "age",
            "key": "age",
            "title": "Idade",
          },
          Object {
            "dataIndex": "driver_license_type",
            "key": "driver_license_type",
            "render": [Function],
            "title": "Tipo CNH?",
          },
          Object {
            "dataIndex": "has_vehicle",
            "key": "has_vehicle",
            "render": [Function],
            "title": "Possui veículo?",
          },
          Object {
            "dataIndex": "is_busy",
            "key": "is_busy",
            "render": [Function],
            "title": "Está carregado?",
          },
          Object {
            "dataIndex": "vehicle_type_id",
            "key": "vehicle_type_id",
            "title": "Tipo veículo",
          },
          Object {
            "key": "action",
            "render": [Function],
            "title": "Ações",
          },
        ]
      }
      dataSource={Array []}
      loading={true}
      locale={
        Object {
          "emptyText": "Sem dados para exibir",
        }
      }
      rowKey={[Function]}
    />
  </div>
</Fragment>
`;
