// Jest Snapshot v1, https://goo.gl/fbAQLP

exports[`should render correct 1`] = `
<Modal
  cancelText="Cancelar"
  confirmLoading={false}
  maskTransitionName="fade"
  okText="Cadastrar"
  okType="primary"
  onCancel={[Function]}
  onOk={[Function]}
  title="Cadastrar Terminal"
  transitionName="zoom"
  visible={true}
  width={520}
>
  <ForwardRef(InternalForm)
    form={
      Object {
        "__INTERNAL__": Object {},
        "getFieldError": [Function],
        "getFieldValue": [Function],
        "getFieldsError": [Function],
        "getFieldsValue": [Function],
        "getInternalHooks": [Function],
        "isFieldTouched": [Function],
        "isFieldValidating": [Function],
        "isFieldsTouched": [Function],
        "isFieldsValidating": [Function],
        "resetFields": [Function],
        "scrollToField": [Function],
        "setFields": [Function],
        "setFieldsValue": [Function],
        "submit": [Function],
        "validateFields": [Function],
      }
    }
    layout="vertical"
    name="create_terminal"
  >
    <FormItem
      label="Caminhoneiro ID"
      name="user_id"
      rules={
        Array [
          Object {
            "message": "Este campo é obrigatório!",
            "required": true,
          },
        ]
      }
    >
      <Input
        type="text"
      />
    </FormItem>
    <FormItem
      label="Está carregado?"
      name="is_busy"
    >
      <Switch />
    </FormItem>
  </ForwardRef(InternalForm)>
</Modal>
`;
